"spikes","365.0","865.0","0","0.0","","670.0","22.0","false","false","true"
"ladder","3426.0","178.0","0","0.0","","70.0","348.0","false","false","true"
"camerablock","0.0","0.0","0","0.0","false:-1","48.0","48.0","false","false","true"
"camerablock","6441.0","1025.0","0","0.0","false:-1","89.0","48.0","false","false","true"
"light","50.0","39.0","1","0.0","0.37740865:0.52205545:0.99215686:0.66835445:360:500:null:0","67.0","67.0","false","false","true"
"basictile","40.0","813.0","0","0.0","","333.0","87.0","false","false","true"
"door","172.0","663.0","0","0.0","true:true:1:24-09:1:false","82.0","146.0","false","false","true"
"platform","947.0","813.0","0","0.0","0:0.03332405:0.1:false:0:0:1:false:0","233.0","37.0","false","false","true"
"basictile","1027.0","789.0","0","0.0","","374.0","22.0","false","false","true"
"basictile","203.0","901.0","0","0.0","","1040.0","46.0","false","false","true"
"basictile","18.0","24.0","0","0.0","","68.0","795.0","false","false","true"
"basictile","1402.0","778.0","0","-3.3613238","","364.0","60.0","false","false","true"
"basictile","3763.0","639.0","0","25.185192","","281.65182","59.0","false","false","true"
"basictile","3199.0","525.0","0","0.0","","359.0","60.0","false","false","true"
"basictile","2864.251","639.0","0","-37.472958","","396.79364","68.07442","false","false","true"
"cage","3275.0","128.0","0","0.0","1","100.0","135.0","true","false","true"
"basictile","3547.0","553.0","0","13.808816","","238.0","61.0","false","false","true"
"basictile","1764.0","767.0","0","0.0","","270.0","72.0","false","false","true"
"basictile","2032.0","774.0","0","3.0809093","","270.0","72.0","false","false","true"
"text","2836.0","584.0","0","0.0","This is also a very important staircase (?), because it is actually built on top of the broken machine that caused all this.","586.0","162.0","false","false","true"
"text","3082.0","729.0","0","0.0","The machine that caused all this chaos, which was a simple experiment to cage a little light which caused the world to become completely instable.","617.0","160.0","false","false","true"
"blockedabove","3247.0","245.0","0","0.0","","270.0","22.0","false","false","true"
"text","3332.0","48.0","0","0.0","This is also the final cage, that, when opened, will cause the two dimensions to ear apart completely. ","561.0","156.0","false","false","true"
"basictile","2304.0","781.0","0","0.0","","375.0","53.0","false","false","true"
"basictile","2680.7847","774.0","0","-3.7912369","","204.9988","61.08319","false","false","true"
"camerablock","2588.0","103.0","1","0.0","false:2","276.0","56.0","false","false","false"
"camerablock","4479.0","115.0","1","0.0","false:-1","276.0","61.0","false","false","false"
"text","2649.0","134.0","0","0.0","This cage (and maybe even all the others, not sure yet) is wired up, in this case to the machine below. ","554.0","162.0","false","false","true"
"text","1112.0","409.0","0","0.0","Original plans for the machine, which seem, without the parts in the next (first/final) level evil, but are actually of a harmless and purely scientific nature. ","577.0","205.0","false","false","true"
"basictile","4041.0","708.0","0","4.977987","","140.00377","59.0","false","false","true"
"basictile","4183.0","714.0","0","0.0","","125.0","57.0","false","false","true"
"lever","4384.0","633.0","0","0.0","2","100.0","76.0","true","false","true"
"platform","4308.0","714.0","0","0.0","1:0.08:0.1:true:365:0:2:true:0","241.0","37.0","true","false","true"
"basictile","4205.0","757.0","0","0.0","","109.0","50.0","false","false","true"
"spikes","4309.0","762.0","0","0.0","","262.0","22.0","false","false","true"
"basictile","4268.0","801.0","0","0.0","","321.0","48.0","false","false","true"
"basictile","4551.0","352.0","0","0.0","","59.0","459.0","false","false","true"
"basictile","4550.0","344.0","0","-2.6538422","","203.0","45.0","false","false","true"
"basictile","4750.0","345.0","0","2.7964253","","257.80603","75.05355","false","false","true"
"light","6195.0","-90.0","0","174.2585","0.8597476:0.9843137:0.16984236:0.6278481:60:500:null:0","67.0","67.0","false","false","true"
"basictile","5011.0","345.0","0","-2.5951076","","257.80603","75.05355","false","false","true"
"basictile","5267.0","339.0","0","0.2590891","","206.00002","54.009045","false","false","true"
"basictile","5474.0","333.0","0","-1.6510783","","384.99957","55.028812","false","false","true"
"basictile","5859.0","320.0","0","-3.1248398","","276.94995","55.054512","false","false","true"
"basictile","6134.0","313.0","0","0.0","","300.0","54.0","false","false","true"
"basictile","6421.0","13.945557","0","0.0","","74.0","371.0","false","false","true"
"door","6234.0","158.0","0","0.0","false:true:2:20-01:1:false","82.0","146.0","false","false","true"
"light","3355.0","-274.0","0","180.27034","0.8597476:0.9843137:0.16984236:0.6278481:60:500:null:0","67.0","67.0","false","false","true"
"light","750.0","-143.0","0","180.27034","0.8597476:0.9843137:0.16984236:0.6278481:60:500:null:0","67.0","67.0","false","false","true"
"basictile","1039.0","861.0","0","0.0","","203.0","60.0","false","false","true"
"basictile","1189.0","803.0","0","0.0","","44.0","73.0","false","false","true"
"text","248.0","117.0","0","0.0","Screw things again? Not sure about the particles for this inbetween world. Maybe they should stop after the cage is opened? ","999.0","112.0","false","false","true"
"text","2850.0","888.0","0","0.0","Maybe the name of the machine should be colored? As in C.O.L.O.R.E.D? But not obstrusive, just like an engravement or something. ","743.0","111.0","false","false","true"
"basictile","263.0","815.5","0","0.0","","110.0","65.0","false","false","true"
"text","2117.0","422.0","0","0.0","Maybe more plans that show that the final cage will end it (yeah, well, ambigious, anyway). Kind of like it seems like it will restore order but if you look back it's clear that it doesnt. Kind of.","614.0","218.0","false","false","true"
"text","5066.0","191.5","0","0.0","I should add a watch-your-path kind of puzzle here, like the next level a bit.  Without repeating the next two puzzles about this. Hmm. ","688.0","137.0","false","false","true"
