"basictile","7534.0","762.5","0","0.0","","698.0","140.0","false","false","true"
"grid","4482.0","548.0","0","0.0","","808.0","211.0","false","false","true"
"camerablock","-10230.0","256.0","0","0.0","false:-1","102.0","78.0","false","false","true"
"camerablock","7935.0","1096.5","0","0.0","false:-1","131.0","92.0","false","false","true"
"basictile","260.9961","909.73706","0","-1.9989413","","371.0006","61.014698","false","false","true"
"basictile","-1180.4336","634.78076","0","90.0","","513.99725","111.002754","false","false","true"
"basictile","-1364.1719","417.0","0","-0.754308","","183.00299","53.000088","false","false","true"
"light","-9954.0","135.0","1","0.0","0.37740865:0.52205545:0.99215686:0.66835445:360:500:null:0","67.0","67.0","false","false","true"
"grid","4803.5","755.0","0","0.0","","167.0","165.0","false","false","true"
"basictile","-100.796875","906.82544","0","4.6774735","","218.99559","56.992386","false","false","true"
"spawnpoint","-680.0","746.0","0","0.0","","45.0","45.0","false","false","true"
"camerablock","-1141.0","103.0","1","0.0","false:2","263.0","78.0","false","false","false"
"basictile","-2552.1719","683.0","0","-30.591139","","944.36975","68.12136","false","false","true"
"basictile","-1182.1719","416.0","0","0.14256477","","316.0","51.000004","false","false","true"
"ladder","4123.371","463.81616","0","0.0","","70.0","286.0","false","false","true"
"door","-9993.0","746.0","0","0.0","true:true:1:25-01:2:false","82.0","146.0","false","false","true"
"basictile","119.99609","915.73706","0","0.0","","139.9544","61.014698","false","false","true"
"basictile","631.7031","898.61035","0","-1.7321682","","257.9698","53.969772","false","false","true"
"platform","3163.496","950.1487","0","0.0","1:0.08181013:0.1:true:460:0:1:true:0","252.0","37.0","false","false","true"
"lever","3023.996","868.6487","0","0.0","1","100.0","76.0","false","false","true"
"basictile","3514.371","749.81616","0","0.0","","858.0","66.0","false","false","true"
"basictile","3418.1562","507.0503","0","0.0","","67.0","499.0","false","false","true"
"spikes","4617.5","1054.5","0","-2.0535917","","200.03583","22.0","false","false","true"
"basictile","2989.496","950.1487","0","0.0","","174.0","46.0","false","false","true"
"keygate","4258.371","622.81616","0","0.0","1","100.0","129.0","false","false","true"
"blockedabove","4052.371","566.81616","0","0.0","","205.0","22.0","false","false","true"
"light","3269.0","107.0","0","180.27034","0.8597476:0.9843137:0.16984236:0.6278481:35:500:null:0","67.0","67.0","false","false","true"
"basictile","4368.371","755.81616","0","5.780052","","121.00156","66.0","false","false","true"
"basictile","4491.371","762.81616","0","0.6564066","","72.01146","66.0","false","false","true"
"basictile","4578.0","771.5","0","0.0","","53.0","335.0","false","false","true"
"basictile","4571.746","1090.5767","0","-2.3727696","","593.0405","42.96203","false","false","true"
"basictile","5151.0","782.0","0","0.0","","66.0","323.0","false","false","true"
"lever","4843.0","883.5","0","0.0","2","100.0","76.0","false","false","true"
"levergate","5390.0","634.5","0","0.0","2","137.0","130.0","false","false","true"
"basictile","5148.0","765.5","0","0.0","","493.0","78.0","false","false","true"
"basictile","4252.371","-245.18384","0","0.0","","98.0","869.0","false","false","true"
"light","4857.0","447.5","0","180.04353","0.8694261:0.99607843:0.16796616:0.65822786:82:500:null:0","67.0","67.0","false","false","true"
"basictile","4786.5195","401.5017","0","0.0","","217.0","81.85101","false","false","true"
"basictile","4323.0","475.0","0","-17.53918","","484.01205","80.71881","false","false","true"
"basictile","4979.336","475.66382","0","21.586369","","433.1575","79.92986","false","false","true"
"basictile","5382.0","-219.5","0","0.0","","95.0","855.0","false","false","true"
"lever","7835.0","681.5","0","0.0","3","100.0","76.0","true","false","true"
"basictile","9886.391","939.5337","0","-16.891926","","117.00573","66.0","false","false","true"
"basictile","10171.391","881.5337","0","0.8693029","","382.99988","66.0","false","false","true"
"basictile","9996.391","900.5337","0","-13.962778","","185.97046","66.0","false","false","true"
"door","10355.391","725.5337","0","0.0","false:true:2:20-02:1:false","82.0","146.0","false","false","true"
"basictile","10535.391","591.5337","0","0.0","","99.0","336.0","false","false","true"
"light","7845.0","-112.5","0","180.27034","0.9843137:0.86388:0.19686273:1.0987341:85:500:null:0","67.0","67.0","false","false","true"
"light","10332.391","506.5337","0","175.23305","0.9843137:0.9811349:0.9765936:0.2987342:67:500:null:0","67.0","67.0","false","false","true"
"cage","8213.0","375.5","0","0.0","0","100.0","135.0","true","false","true"
"camerablock","6682.0","197.5","1","0.0","false:2","458.0","66.0","false","false","false"
"ladder","8080.0","408.5","0","0.0","","70.0","351.0","false","false","true"
"cage","7473.0","374.5","0","0.0","0","100.0","135.0","true","false","true"
"basictile","8532.703","961.5217","0","3.6971166","","334.0007","67.97374","false","false","true"
"camerablock","10661.391","45.53369","1","0.0","false:-1","52.0","99.0","false","false","true"
"spikes","6196.0","1019.5","0","0.0","","1335.0","22.0","false","false","true"
"basictile","8185.703","851.5217","0","31.958284","","356.84842","72.84969","false","false","true"
"basictile","8872.703","934.5217","0","-10.454481","","407.003","73.92263","false","false","true"
"platform","6203.3906","765.0337","0","0.0","0:0.09999241:0.1:false:0:0:4:false:0","304.0","37.0","false","false","true"
"lever","6078.0","686.5","0","0.0","4","100.0","76.0","false","false","true"
"basictile","6114.836","816.1328","0","0.0","","87.0","323.0","false","false","true"
"basictile","7535.676","764.46484","0","0.0","","69.0","405.0","false","false","true"
"basictile","6186.0","1062.5","0","0.0","","1351.0","40.0","false","false","true"
"blockedabove","7452.0","491.5","0","0.0","","864.0","22.0","false","false","true"
"text","7709.0","759.5","0","0.0","When pulling this lever, the machine(s) in the background stop, as the world (seemingly and for now) normalizes again.","362.0","213.0","false","false","true"
"basictile","1962.7031","878.35254","0","-0.95325863","","380.98337","63.999863","false","false","true"
"basictile","5642.0","764.5","0","-1.0612093","","144.00017","78.0","false","false","true"
"basictile","1946.7031","852.5259","0","5.26151","","362.99826","106.091705","false","false","true"
"basictile","1795.4775","883.03955","0","-7.1047816","","532.0077","87.01324","false","false","true"
"text","-745.0","111.0","0","0.0","This is supposed to be a collapsing pseud-evil and fascinating factory with all kinds of amazing machines","403.0","158.0","false","false","true"
"text","2056.0","647.0","0","0.0","Broken/spare machine parts teach you how to jump.","303.0","100.0","false","false","true"
"basictile","2316.4453","796.1238","0","-4.8183966","","218.91954","112.916","false","false","true"
"text","1956.0","118.0","0","0.0","Important parts are always highlighted with additional lighting.","377.0","117.0","false","false","true"
"text","-37.0","412.0","0","0.0","As the game starts, a weird and almost evil looking scientist is on the run, fleeing from you, as you seemingly heroic try to  stop him.","522.0","151.0","false","false","true"
"basictile","-430.3203","905.82544","0","-2.6435935","","333.99792","56.992386","false","false","true"
"basictile","-888.375","910.82544","0","0.73967403","","456.99994","56.992386","false","false","true"
"text","-749.0","517.0","0","0.0","The game basically pauses until you press a movement key (but not really, as particles and so on already move). Or maybe until you move a bit to the right. Yeah, that's probably better.","577.0","202.0","false","false","true"
"text","-862.0","969.0","0","0.0","Arrow-key/simple movement hints on a tilted sign.","271.0","115.0","false","false","true"
"light","2244.0","-24.0","0","180.27034","0.8597476:0.9843137:0.16984236:0.6278481:60:500:null:0","67.0","67.0","false","false","true"
"basictile","2475.3633","841.5498","0","5.716638","","220.01477","117.084","false","false","true"
"text","-75.0","568.0","0","0.0","As you run after him, a dialogue unfolds, about how you will never be able to truy stop him, how you got a little bit of him in yourself, how he sees himself in you and how you don't and will never understand. And more ambigious stuff..","628.0","268.0","false","false","true"
"text","647.0","574.0","0","0.0","He also often stops to convince you of helping him save the world, while it obviously seems like he is trying to delude you into destroying it.","494.0","194.0","false","false","true"
"text","2945.0","1011.0","0","0.0","Semi-broken elevator.","194.0","100.0","false","false","true"
"basictile","3415.0","490.0","0","0.0","","82.0","56.0","false","false","true"
"basictile","3485.0","492.0","0","5.3432226","","51.004345","247.99565","false","false","true"
"basictile","4562.371","764.81616","0","2.690669","","69.9989","66.0","false","false","true"
"text","2209.0","406.0","0","0.0","The scientist does everything you will have to do because he is basically you (from the future).","413.0","148.0","false","false","true"
"text","6392.0","161.5","0","0.0","The machines collect (a part of) the worlds light because in one of the scientists experients failed badly and de-stabilized the world by generating too much light. Therefore it has to be partly taken again so everything can stabilize before natural lighting can be restored.","590.0","288.0","false","false","true"
"text","8401.0","278.0","0","0.0","The light is collected into these cages and the lever is wired up to those pseudo-evil machines.","563.0","141.0","false","false","true"
"text","2719.0","495.0","0","0.0","Once the player is too close to the scientist he flees, stage by stage, so it is always visible what the scientist is doing to get forward.","510.0","186.5","false","false","true"
"text","-2101.0","49.0","0","0.0","Meanwhile, because the world is becoming more and more instabile, the already torn situation between light and monochrome world teares apart entirely, spawning a new old copy of yourself. Now you are the hunted, trying to explain everything (and failing) just like everyone before you. Thus, the cycle continues...","713.0","370.0","false","false","true"
"text","-1330.0","164.0","0","0.0","Maybe find a better way of obvious-hiding for the later-replay of the first level. Definitely need a better way. It doesn't make sense this way, it feels like cheating the player.","452.0","183.0","false","false","true"
"basictile","3255.4375","845.55273","0","90.0","","24.0","306.0","false","false","true"
"camerablock","8648.0","177.5","1","0.0","false:-1","347.0","99.0","false","false","false"
"basictile","9230.391","966.5337","0","3.6173067","","324.00198","66.936905","false","false","true"
"basictile","9557.391","967.5337","0","-3.4455519","","324.00198","66.936905","false","false","true"
"text","7225.0","926.5","0","0.0","Burning and broken machine parts.","303.0","102.0","false","false","true"
"blockedabove","3925.371","474.81616","0","0.0","","115.0","22.0","false","false","true"
"blockedabove","3780.371","406.81616","0","0.0","","127.0","22.0","false","false","true"
"light","4179.371","108.81616","0","180.27034","0.8597476:0.9843137:0.16984236:0.41518986:48:500:null:0","67.0","67.0","false","false","true"
"text","9434.391","331.5337","0","0.0","Here it seems clear that the scientist is evil and you have to simply open the cages and re-enlighten the world.  Ah, the benefit of hindsight. ","421.0","191.0","false","false","true"
"text","8839.391","965.5337","0","0.0","Machines. Everywhere.","373.0","82.0","false","false","true"
"text","3188.0","986.0","0","0.0","There has to be a clear distinction between simply machine parts and things that deal damage.","378.0","145.0","false","false","true"
"text","2759.0","105.0","0","0.0","Should light sources have a real light source like a lamp or something to back them up or should they just be there? Have to see what it looks like with real textures.","645.0","200.0","false","false","true"
"text","6897.0","668.5","0","0.0","Camera can be tricked by walking left-right, needs to be fixed to platform for this. @FixMe","478.0","95.0","false","false","true"
"text","8597.391","1015.5337","0","0.0","These machines are more hazardously crafted than the ones seen before, as they had to be built faster (I think).","635.0","129.0","false","false","true"
"text","3712.0","812.0","0","0.0","It is important that the next action (what you have to do next) and what you are currently doing are in the same screen. Show, don't tell in action.","612.0","200.5","false","false","true"
"camerablock","1571.0","310.0","1","0.0","false:2","229.0","91.0","false","false","false"
"camerablock","3455.0","249.5","1","0.0","false:2","129.0","97.0","false","false","false"
"camerablock","4236.0","216.5","1","0.0","false:2","49.0","97.0","false","false","false"
"spikes","-4932.0","948.0","0","0.0","","298.0","22.0","false","false","true"
"text","-643.0","739.0","0","0.0","Maybe there should be a chapter screen when entering a new chapter screen / text / emblem when entering a level and / or new world/chapter. Maybe like in an old book like style.","537.0","187.0","false","false","true"
"text","-569.0","929.0","0","0.0","And there should be an indicator on the top left (or somewhere) showing how much the level is cleared, like starting out monochrome and darker and in the end colored and bright. Maybe something that gets different meaning with color and relates to the level? ","666.0","233.0","false","false","true"
"basictile","-1481.1719","427.0","0","-9.316067","","123.994354","82.78008","false","false","true"
"basictile","-1565.1719","442.0","0","-6.375679","","83.00619","82.78008","false","false","true"
"basictile","-1691.1719","447.0","0","0.0","","121.0","70.0","false","false","true"
"basictile","-5375.59","918.0","0","-0.67435247","","292.99994","68.0","false","false","true"
"basictile","-6435.59","921.0","0","-0.12337413","","1060.0","65.0","false","false","true"
"basictile","-3850.5469","448.17383","0","0.0","","150.0","542.0","false","false","true"
"basictile","-3941.0","439.15283","0","10.945537","","85.98181","46.810123","false","false","true"
"basictile","-4520.0","438.15283","0","-8.066906","","104.98575","43.831776","false","false","true"
"basictile","-4419.0","431.15283","0","0.0","","483.0","44.0","false","false","true"
"text","7886.0","424.5","0","0.0","It should seem like the player is bringing structure and color to the world. Should the player automatically convert to the light dimension after pulling the lever? It would add to the I could have done this all the time it when *discovering* about dimension travel in the reversal world. Maybe we should place a hidden shift info sign here somewhere, less obvious than the one where it is needed but obvious enough to be noticable.","919.0","263.0","false","false","true"
"light","-3584.0","-434.0","0","180.27034","0.8597476:0.9843137:0.16984236:0.6278481:60:500:null:0","67.0","67.0","false","false","true"
"light","-8556.0","106.0","0","180.27034","0.8597476:0.9843137:0.16984236:0.6278481:60:500:null:0","67.0","67.0","false","false","true"
"lever","-4249.0","340.15283","0","0.0","5","100.0","76.0","true","false","true"
"basictile","-7171.59","917.01416","0","0.81041944","","735.0001","71.985855","false","false","true"
"basictile","-7446.59","917.0","0","-2.0314445","","276.99936","67.964554","false","false","true"
"basictile","-7723.59","926.0","0","-1.4940344","","276.99936","67.964554","false","false","true"
"text","4355.0","755.5","0","0.0","Maybe another hint sign for climbing controls and how to drop from climbables here.","424.0","140.0","false","false","true"
"basictile","-9087.59","931.0","0","-0.41304764","","276.99936","67.964554","false","false","true"
"text","-5582.0","474.0","0","0.0","Just enough room so that it makes sense that the new self-aware person can't see what this machine was originally up to.  So that it seems like this machine is really causing the chaos. ","712.0","180.0","false","false","true"
"basictile","-10156.457","183.0","0","0.0","","63.0","821.0","false","false","true"
"text","-2211.0","730.0","0","0.0","The ultimate staircase, marking a very important point f the game, where the beginning of the game links to its end. ","581.0","163.0","false","false","true"
"light","3806.371","104.81616","0","180.27034","0.8597476:0.9843137:0.16984236:0.5518987:34:500:null:0","67.0","67.0","false","false","true"
"light","-622.0","-100.0","0","180.27034","0.8597476:0.9843137:0.16984236:0.42025316:60:500:null:0","67.0","67.0","false","false","true"
"basictile","887.7031","900.61035","0","1.6110867","","427.0012","53.969772","false","false","true"
"basictile","1314.7031","907.61035","0","0.11667183","","334.0","53.969772","false","false","true"
"basictile","1647.7031","913.61035","0","3.2899678","","205.0033","53.969772","false","false","true"
"text","1607.0","711.0","0","0.0","Another tilted sign hinting how to jump (key hinting).","378.0","110.0","false","false","true"
"marker","1812.0","731.0","0","0.0","0","100.0","100.0","false","false","true"
"marker","1966.0","716.0","0","0.0","1","100.0","100.0","false","false","true"
"marker","4040.0","459.0","0","0.0","9","100.0","100.0","false","false","true"
"marker","2187.0","717.0","0","0.0","2","100.0","100.0","false","false","true"
"marker","3020.0","813.0","0","0.0","3","100.0","100.0","false","false","true"
"marker","3068.0","807.0","0","0.0","4","100.0","100.0","false","false","true"
"marker","3246.0","844.0","0","0.0","5","100.0","100.0","false","false","true"
"marker","3264.0","397.0","1","0.0","6","100.0","100.0","false","false","true"
"marker","4094.0","626.0","0","0.0","7","100.0","100.0","false","false","true"
"marker","3905.0","377.0","0","0.0","10","100.0","100.0","false","false","true"
"marker","3792.0","279.0","0","0.0","11","100.0","100.0","false","false","true"
"marker","4079.0","429.0","0","0.0","12","100.0","100.0","false","false","true"
"marker","4189.0","635.0","0","0.0","13","100.0","100.0","false","false","true"
"marker","4064.0","536.0","1","0.0","14","100.0","100.0","false","false","true"
"marker","4503.0","612.0","0","0.0","15","100.0","100.0","false","false","true"
"marker","4522.0","616.0","0","0.0","16","100.0","100.0","false","false","true"
"marker","4087.0","465.0","1","0.0","8","100.0","100.0","false","false","true"
"marker","4822.0","611.0","0","0.0","17","100.0","100.0","false","false","true"
"marker","4784.0","777.0","1","0.0","18","100.0","100.0","false","false","true"
"marker","4787.0","853.0","1","0.0","19","100.0","100.0","false","false","true"
"marker","5165.0","616.0","0","0.0","20","100.0","100.0","false","false","true"
"marker","6067.0","635.0","0","0.0","21","100.0","100.0","false","false","true"
"spikes","4959.5","1043.5","0","-2.0535917","","200.03583","22.0","false","false","true"
"marker","6261.0","642.0","0","0.0","22","100.0","100.0","false","false","true"
"marker","7248.5","644.5","0","0.0","23","100.0","100.0","false","false","true"
"marker","7418.5","648.5","0","0.0","24","100.0","100.0","false","false","true"
"marker","7832.0","588.0","0","0.0","25","100.0","100.0","false","false","true"
"marker","8127.0","609.0","0","0.0","26","100.0","100.0","false","false","true"
"camerablock","-227.0","330.0","1","0.0","false:2","229.0","91.0","false","false","false"
"basictile","2772.496","945.1487","0","2.3934083","","215.00174","63.916477","false","false","true"
"basictile","2615.496","927.1487","0","10.083197","","154.01544","65.060776","false","false","true"
"platform","-4926.0","916.0","0","0.0","1:0.012111394:0.1:true:590:0:6:true:0","280.0","37.0","false","false","true"
"camerablock","-5262.0","176.0","1","0.0","false:2","141.0","71.0","false","false","false"
"text","-302.0","79.0","0","0.0","The game starts with the player being in the monochrome dimension. After pressing the lever, he will restore to the light dimension and be able to shift (but not hinted to; yet) travel dimensions. In the end of the game, in time travel dimensions, the future/color dimension player sees and understands the plans, experiments and what has to done after the two dimensions were seperated. The shadow dimension player now hunts the real player.","772.0","340.0","false","false","true"
"lever","-5047.0","826.0","0","0.0","6","100.0","76.0","false","false","true"
"platform","-3701.1797","447.51904","0","0.0","1:0.013121519:0.1:true:0:598:0:false:0","239.0","37.0","false","false","true"
"basictile","-4646.0","445.5","0","0.0","","123.0","548.0","false","false","true"
"basictile","-4979.0","996.0","0","0.0","","377.0","50.0","false","false","true"
"basictile","-3460.0","928.0","0","0.0","","956.0","54.0","false","false","true"
"marker","-3829.0","340.0","0","0.0","28","100.0","100.0","false","false","true"
"marker","-4838.0","362.0","1","0.0","30","100.0","100.0","false","false","true"
"marker","-3646.1797","339.51904","0","0.0","29","100.0","100.0","false","false","true"
"marker","-2497.0","682.0","0","0.0","31","100.0","100.0","false","false","true"
"marker","8071.0","628.0","0","0.0","33","100.0","100.0","false","false","true"
"marker","8012.0","395.0","1","0.0","34","100.0","100.0","false","false","true"
"marker","7499.0","312.0","0","0.0","36","100.0","100.0","false","false","true"
"marker","8137.0","326.0","0","0.0","35","100.0","100.0","false","false","true"
"text","7751.0","90.0","0","0.0","When the game finishes, maybe we should go to another room, like his study room, where he (you, the player) can go back to the levels and review what he did and *plan* something new, changing with each ending. ","654.0","203.0","false","false","true"
"text","-4636.0","353.0","0","0.0","This is the twin machine which the scientist (now you) hopes to restore (according to the plans from the level before and from this one) - which activates by pulling the lever. Twin machine to the other one which was turned off previously by you.  As the lever is pulled, it becomes a little darker and it crumbles and the two dimension tear apart completely. The shadow, monochrome dimension is now self-aware and thinks that you are behind this and wants to stop you.  If he touches you, the world implodes (aka you die), which is why the scientist is running from its monochrome version.","735.0","500.0","false","false","true"
"text","7606.0","324.0","0","0.0","Sometimes, in the demo mode the second cage particles don't render anymore. @FixMe","614.0","114.0","false","false","true"
"basictile","-10095.59","900.0","0","0.0","","334.0","67.964554","false","false","true"
"basictile","-8739.0","567.0","0","0.0","","1285.0","52.0","false","false","true"
"ladder","-7440.0","137.0","0","0.0","","70.0","785.0","false","false","true"
"light","-8049.0","114.0","0","180.27034","0.8597476:0.9843137:0.16984236:0.6278481:60:500:null:0","67.0","67.0","false","false","true"
"keygate","-7036.0","787.0","0","0.0","4","100.0","129.0","false","false","true"
"text","-8249.0","325.0","0","0.0","Here are the plans for the twin machines to cage the light and save the color and world this way by turning on the two machines.  Here could also be his temporary *home* so he would be closer to *work*.","569.0","221.0","false","false","true"
"basictile","-7036.59","99.0","0","0.0","","84.0","690.0","false","false","true"
"basictile","-7355.0","314.0","0","0.0","","322.0","306.0","false","false","true"
"lever","-8659.0","477.0","0","0.0","7","100.0","76.0","false","false","true"
"levergate","-7254.0","188.0","0","0.0","7","137.0","130.0","false","false","true"
"basictile","-8788.0","-4.0","0","0.0","","48.0","781.0","false","false","true"
"basictile","-9764.59","910.0","0","3.926977","","287.0","67.964554","false","false","true"
"basictile","-9226.59","930.0","0","1.6381603","","138.00002","67.964554","false","false","true"
"basictile","-9477.59","924.0","0","2.008038","","250.00061","67.964554","false","false","true"
"light","-7577.0","119.0","0","-180.00229","0.8597476:0.9843137:0.16984236:0.6278481:60:500:null:0","67.0","67.0","false","false","true"
"camerablock","-8919.0","126.0","1","0.0","false:2","195.0","61.0","false","false","false"
"basictile","-8747.0","95.0","0","0.0","","1807.0","39.0","false","false","true"
"basictile","-8811.0","930.0","0","0.0","","1087.0","54.0","false","false","true"
"camerablock","-7049.0","146.0","1","0.0","false:-1","223.0","48.0","false","false","false"
"basictile","-7662.0","314.0","0","0.0","","211.0","46.0","false","false","true"
"text","-7818.0","154.0","0","0.0","This is to show the player that he has to use different routes in order to complete the puzzle and to force him to at least look at the plans briefly. ","546.0","162.0","false","false","true"
"basictile","-8294.0","121.0","0","0.0","","43.0","287.0","false","false","true"
"camerablock","706.0","294.0","1","0.0","false:2","229.0","91.0","false","false","false"
"basictile","4815.246","975.5","0","0.0","","156.0","124.0","false","false","true"
"text","8060.0","698.0","0","0.0","This should be like a hastily crafted staircase. There are a few staircases in the game, usually at important points. They don't have to be staircases of course, it was just my initial thought. Feel free to do anything else that makes it feel *special*. Usually, the steeper the more important. In this case, this staircase is going down, indicating that you are actually going in the wrong direction. ","748.0","303.0","false","false","true"
"basictile","-5083.0","915.5","0","0.0","","157.0","97.0","false","false","true"
"basictile","5785.0","762.89307","0","0.0","","321.0","77.977234","false","false","true"
"text","3198.0","996.0","0","0.0","Text","378.0","145.0","false","false","true"
"text","3208.0","1006.0","0","0.0","Text","378.0","145.0","false","false","true"
"basictile","3105.2188","951.75244","0","0.0","","58.0","61.0","false","false","true"
"basictile","6106.8984","760.89307","0","-2.0575714","","97.015114","77.977234","false","false","true"
"lever","-3825.0","357.15283","0","0.0","0","100.0","76.0","false","false","true"
"basictile","-3461.0","97.0","0","0.0","","365.0","697.0","false","false","true"
"text","-3829.0","455.0","0","0.0","Going downhere is impossible unless the lever is pulled first because there is not enough space for you and your past self that follows you. However, if the past self is self-aware, it will stop for a second, deactivate the machine again, and then go down here, giving the player enough time. ","730.0","251.0","false","false","true"
"basictile","-3722.0","975.0","0","0.0","","278.0","52.0","false","false","true"
"marker","-3627.0","807.0","0","0.0","37","100.0","100.0","false","false","true"
"text","-5089.0","619.0","0","0.0","This puzzle expands on the idea of the previous idea, that you have to plan your path carefully. Might prepare on that idea a bit in 25-01 too. ","438.0","224.0","false","false","true"
"text","584.0","113.0","0","0.0","Maybe there should be a different game where the player really waits to listen? Where the explained objective is to close all cages (same puzzles and everything) but instead of running away from you, the scientist encourages you to do everything and maybe even gives hints. So the game doesn't really change, except that the ending is actually  happy (the normal ending is a cycle, the bonus ending is destruction), except that of course the  player himself has to die, because he ist the instabile version of the future scientist. !!! @AddMe","910.0","348.0","false","false","true"
"text","3858.0","180.0","0","0.0","Make the original scientist jump the left way down as well for consistency. ","385.0","169.0","false","false","true"
"text","3558.0","527.0","0","0.0","Make this higher up so that collision is inevitable if the future-person doesn't do the left avoid jump.","499.0","121.0","false","false","true"
"text","6454.0","573.0","0","0.0","Maybe a shared lever that gives you the choice with a ladder so you can go first and you can let the other go first. ","441.0","93.0","false","false","true"
