"ladder","727.0","540.0","0","0.0","","70.0","375.0","false","false","true"
"camerablock","1891.0","1062.0","0","0.0","false:-1","48.0","48.0","false","false","true"
"door","184.0","768.0","0","0.0","true:true:1:24-04:3:false","85.0","154.0","false","false","true"
"light","82.0","5.0","1","0.0","0.78756607:0.89411765:0.46283734:1.0:360:500:null:0","67.0","67.0","false","false","true"
"basictile","100.5","919.0","0","-0.56869036","","690.0","78.0","false","false","true"
"camerablock","32.0","81.0","0","0.0","false:-1","48.0","48.0","false","false","true"
"basictile","1106.0","411.0","0","0.0","","772.0","59.0","false","false","true"
"lever","1197.0","547.0","0","0.0","1","101.0","80.0","false","false","true"
"basictile","100.0","414.0","0","0.0","","917.0","135.0","false","false","true"
"basictile","144.0","123.0","0","0.0","","677.0","40.0","false","false","true"
"keygate","710.0","535.0","0","0.0","1","100.0","129.0","true","false","true"
"basictile","673.0","666.5","0","0.0","","47.0","42.0","false","false","true"
"basictile","185.0","664.0","0","0.0","","535.0","48.0","false","false","true"
"cage","216.0","538.0","0","0.0","1","100.0","135.0","true","false","true"
"blockedabove","720.0","664.0","0","0.0","","78.0","25.0","false","false","true"
"basictile","800.0","637.0","0","0.0","","917.0","58.0","false","false","true"
"basictile","1105.0","462.0","0","0.0","","41.0","176.0","false","false","true"
"platform","773.0","163.0","1","0.0","1:0.08:0.1:false:0:0:1:false:0","37.0","128.0","false","false","true"
"ladder","1723.0","470.0","0","0.0","","70.0","479.0","false","false","true"
"cannon","1699.0","315.0","1","89.676765","GOOMBA:0.09873418:1:10000:1","63.0","111.0","false","false","true"
"basictile","103.0","512.0","0","0.0","","91.0","162.0","false","false","true"
"basictile","103.5","673.0","0","0.0","","39.0","243.0","false","false","true"
"basictile","786.0","924.0","0","4.9959016","","187.99995","78.0","false","false","true"
"basictile","1816.0","421.0","0","0.0","","50.0","575.0","false","false","true"
"basictile","975.0","935.00195","0","2.4921892","","156.04349","71.99811","false","false","true"
"basictile","100.0","121.0","0","0.0","","281.0","333.0","false","false","true"
"basictile","1131.0","943.0","0","3.6319175","","148.00201","69.999054","false","false","true"
"basictile","1280.5","953.0","0","0.9227593","","596.0","69.999054","false","false","true"
"cannon","418.0","316.0","0","90.0","SHADOWBALL:0.8:0:5000:1","63.0","111.0","false","false","true"
"door","1596.0","798.0","0","0.0","true:true:2:24-06:1:false","85.0","154.0","false","false","true"
"light","847.0","356.5","0","-180.34741","0.9411765:0.78759205:0.4576701:0.8:52:500:null:0","67.0","67.0","false","false","true"
"text","794.0","702.0","0","0.0","I moved this part a bit to the right so that the solution isn't just random clicking. ","428.0","140.0","false","false","true"
"text","944.0","211.0","0","0.0","You can also change the present fast enough to get the key there without the shadow guard.","508.0","142.0","false","false","true"
"text","1489.0","88.0","0","0.0","Sometimes the goomba queue or something here glithces out and shadow goombas spawn dead and so on. Weird weird stuff. @FixMe","411.0","221.0","false","false","true"
