"camerablock","0.0","0.0","0","0.0","false:-1","48.0","48.0","false","false","true"
"camerablock","1872.0","1032.0","0","0.0","false:-1","48.0","48.0","false","false","true"
"light","128.0","52.0","1","0.0","0.99215686:0.95942825:0.7392541:1.0481013:360:500:null:0","67.0","67.0","false","false","true"
"basictile","78.0","958.0","0","0.0","","571.0","72.0","false","false","true"
"basictile","1238.792","953.0","0","0.0","","608.0","72.0","false","false","true"
"spawnpoint","928.0","797.0","0","0.0","","45.0","45.0","false","false","true"
"basictile","-278.09668","667.0","0","88.09504","","660.99945","72.0","false","false","true"
"basictile","659.792","937.0","0","-26.67932","","77.11532","68.0","false","false","true"
"basictile","1546.792","676.0","0","-86.86802","","660.99945","72.0","false","false","true"
"basictile","1147.792","936.0","0","21.301058","","81.921326","68.0","false","false","true"
"basictile","718.0","923.0","0","0.0","","445.0","68.0","false","false","true"
"door","153.5","816.0","0","0.0","false:true:2:22-01:0:true","100.0","137.0","false","false","true"
"door","487.5","816.0","0","0.0","false:true:4:22-03:0:true","100.0","137.0","false","false","true"
"door","325.5","816.0","0","0.0","false:true:3:22-02:0:true","100.0","137.0","false","false","true"
"door","1293.0","813.0","0","0.0","false:true:5:22-04:0:true","100.0","137.0","false","false","true"
"door","1424.0","812.0","0","0.0","false:true:6:22-05:0:true","100.0","137.0","false","false","true"
"door","1550.0","811.0","0","0.0","false:true:7:22-06:0:true","100.0","137.0","false","false","true"
"door","1689.0","810.0","0","0.0","false:true:8:22-07:0:true","100.0","137.0","false","false","true"
"worlddoor","819.0","635.0","1","0.0","false:true:9:22-07:2:false","256.0","288.0","false","false","true"
"text","245.0","251.0","0","0.0","Here the world is shattered once again, now it is really becoming quite fragile.","450.0","156.0","false","false","true"
"text","706.0","927.0","0","0.0","Maybe there should be little staircases leading to the door, marking it even more special. ","487.0","100.0","false","false","true"
"text","1063.0","387.0","0","0.0","Unintentionally, a pattern is unveiling: The particles from the last world become the foundation of the next? Maybe this pattern should be continued. ","604.0","178.0","false","false","true"
"text","1205.0","559.0","0","0.0","rain --> jungle like biome snow --> snowy/icy world leaves --> ...","372.0","150.0","false","false","true"
"text","199.0","644.0","0","0.0","? icons on unvisited doors and level icon on visited ones. Also darken unvisited doors. ","377.0","95.0","false","false","true"
