"camerablock","-296.0","59.0","0","0.0","false:-1","48.0","48.0","false","false","true"
"camerablock","1401.29","1119.6296","0","0.0","false:-1","89.0","48.0","false","false","true"
"text","-694.0","256.0","0","0.0","Introduction to shadow guards, which are these goomba-like creatues supposed to protect the light cages, which are also created in the big factory you are currently in by the scientist.","582.0","234.0","false","false","true"
"text","1369.0","261.0","0","0.0","Yayy! First real puzzle! Double jumping AND using a key!  Wohhhoo","359.0","127.0","false","false","true"
"text","-879.0","652.0","0","0.0","Have to teach the player how to use these mario platforms as well, maybe in the first level when getting the key. @AddMe","508.0","183.0","false","false","true"
"text","-165.0","623.0","0","0.0","There should be a way for the player to tell when something will shoot. Maybe something like a pressure indicator, a la Rayman 3 in Hoodlum headquaters? @AddMe","485.0","216.0","false","false","true"
"basictile","11.801025","793.5","0","2.507902","","191.99907","95.0","false","false","true"
"door","-136.0","651.0","0","0.0","true:true:1:20-02:2:false","82.0","146.0","false","false","true"
"basictile","-188.46094","788.5","0","0.0","","202.0","95.0","false","false","true"
"basictile","205.53906","798.30347","0","0.0","","797.0","139.0","false","false","true"
"light","-193.0","146.0","1","0.0","1.0:1.0:1.0:0.7848101:183:500:null:8","67.0","67.0","false","false","true"
"cannon","888.0","578.0","1","88.242134","GOOMBA:0.5:0:2000:1","63.0","111.0","false","false","true"
