"camerablock","-2604.0","-24.0","0","0.0","false:-1","59.0","48.0","false","false","true"
"camerablock","4258.0","1032.0","0","0.0","false:-1","48.0","48.0","false","false","true"
"light","41.0","35.0","1","0.0","1.0:1.0:1.0:1.0:360:500:null:0","67.0","67.0","false","false","true"
"text","196.0","314.0","0","0.0","Shared","139.0","69.0","false","false","true"
"text","149.0","639.0","0","0.0","Cage_Closed","226.0","64.0","false","false","true"
"text","470.0","647.0","0","0.0","Cage_Opening","265.0","62.0","false","false","true"
"text","498.0","315.0","0","0.0","TT_Changed","203.0","60.0","false","false","true"
"text","141.0","906.0","0","0.0","Time_Res_Area","239.0","67.0","false","false","true"
"text","452.0","911.0","0","0.0","Time_Res_Surface","291.0","57.0","false","false","true"
"basictile","-1734.0","1038.0","0","0.0","","6018.0","74.0","false","false","true"
"door","48.0","891.0","0","0.0","true:false:1:null:0:false","82.0","151.0","false","false","true"
"text","1035.0","491.0","0","0.0","Rain","154.0","101.0","false","false","true"
"text","1719.0","467.0","0","0.0","Snow","154.0","100.0","false","false","true"
"text","2532.0","457.0","0","0.0","Leaves","154.0","100.0","false","false","true"
"text","3208.0","449.0","0","0.0","Parts","154.0","100.0","false","false","true"
